"Bacteroidaceae","Porphyromonadaceae","Rikenellaceae","Alcaligenaceae","Bifidobacteriaceae","Clostridiaceae","Lachnospiraceae","Coriobacteriaceae","Clostridiales","Ruminococcaceae","Christensenellaceae","Mogibacteriaceae","Erysipelotrichaceae"
"Bacteroidaceae",1,0.6673575572327926,0,0.49186913983148345,-0.43352857239886844,-0.4530645340155021,0,-0.5181920220768008,0,0,0,0,0
"Porphyromonadaceae",0.6673575572327927,1,0.5467369261532579,0,-0.49828064308282305,-0.4704518462151618,0,0,0,0,0,0,0
"Rikenellaceae",0,0.546736926153258,1,0,0,0,0,0,0,0,0,0,-0.4977460907285632
"Alcaligenaceae",0.4918691398314835,0,0,1,0,0,0,0,0,-0.45073390651604256,0,0,0
"Bifidobacteriaceae",-0.43352857239886844,-0.4982806430828231,0,0,1,0,0.46734973072896924,0,0,0,0,0,0
"Clostridiaceae",-0.45306453401550206,-0.47045184621516173,0,0,0,1,0.4405466014913791,0.44837627117682466,0,0,0,0,0
"Lachnospiraceae",0,0,0,0,0.46734973072896907,0.4405466014913791,1,0,0,0,0,0,0
"Coriobacteriaceae",-0.5181920220768003,0,0,0,0,0.44837627117682466,0,1,0.5409387196487854,0,0,0,0
"Clostridiales",0,0,0,0,0,0,0,0.5409387196487854,1,0.6722782682307686,0,0,0
"Ruminococcaceae",0,0,0,-0.4507339065160423,0,0,0,0,0.6722782682307684,1,0,0,0
"Christensenellaceae",0,0,0,0,0,0,0,0,0,0,1,0.4742987925935798,0.3745513909870881
"Mogibacteriaceae",0,0,0,0,0,0,0,0,0,0,0.47429879259358004,1,0
"Erysipelotrichaceae",0,0,-0.4977460907285632,0,0,0,0,0,0,0,0.3745513909870882,0,1
